Archive member included because of file (symbol)

d:/imt_sdk_win_64/winavr/bin/../lib/gcc/avr/4.3.3/avr5\libgcc.a(_udivmodqi4.o)
                              ./MCAL/DIO/DIO.o (__udivmodqi4)
d:/imt_sdk_win_64/winavr/bin/../lib/gcc/avr/4.3.3/avr5\libgcc.a(_udivmodsi4.o)
                              ./HAL/Siren/SIREN_prog.o (__udivmodsi4)
d:/imt_sdk_win_64/winavr/bin/../lib/gcc/avr/4.3.3/avr5\libgcc.a(_divmodsi4.o)
                              ./HAL/LCD/LCD.o (__divmodsi4)
d:/imt_sdk_win_64/winavr/bin/../lib/gcc/avr/4.3.3/avr5\libgcc.a(_exit.o)
                              d:/imt_sdk_win_64/winavr/bin/../lib/gcc/avr/4.3.3/../../../../avr/lib/avr5/crtm32.o (exit)
d:/imt_sdk_win_64/winavr/bin/../lib/gcc/avr/4.3.3/avr5\libgcc.a(_copy_data.o)
                              ./MCAL/TIMER/TIMER_prog.o (__do_copy_data)
d:/imt_sdk_win_64/winavr/bin/../lib/gcc/avr/4.3.3/avr5\libgcc.a(_clear_bss.o)
                              ./MCAL/TIMER/TIMER_prog.o (__do_clear_bss)
d:/imt_sdk_win_64/winavr/bin/../lib/gcc/avr/4.3.3/avr5\libgcc.a(_ashldi3.o)
                              ./HAL/LCD/LCD.o (__ashldi3)
d:/imt_sdk_win_64/winavr/bin/../lib/gcc/avr/4.3.3/avr5\libgcc.a(_udivdi3.o)
                              ./HAL/LCD/LCD.o (__udivdi3)
d:/imt_sdk_win_64/winavr/bin/../lib/gcc/avr/4.3.3/avr5\libgcc.a(_umoddi3.o)
                              ./HAL/LCD/LCD.o (__umoddi3)
d:/imt_sdk_win_64/winavr/bin/../lib/gcc/avr/4.3.3/avr5\libgcc.a(_mulsi3.o)
                              d:/imt_sdk_win_64/winavr/bin/../lib/gcc/avr/4.3.3/avr5\libgcc.a(_udivdi3.o) (__mulsi3)
d:/imt_sdk_win_64/winavr/bin/../lib/gcc/avr/4.3.3/avr5\libgcc.a(_prologue.o)
                              d:/imt_sdk_win_64/winavr/bin/../lib/gcc/avr/4.3.3/avr5\libgcc.a(_udivdi3.o) (__prologue_saves__)
d:/imt_sdk_win_64/winavr/bin/../lib/gcc/avr/4.3.3/avr5\libgcc.a(_epilogue.o)
                              d:/imt_sdk_win_64/winavr/bin/../lib/gcc/avr/4.3.3/avr5\libgcc.a(_udivdi3.o) (__epilogue_restores__)
d:/imt_sdk_win_64/winavr/bin/../lib/gcc/avr/4.3.3/avr5\libgcc.a(_clz.o)
                              d:/imt_sdk_win_64/winavr/bin/../lib/gcc/avr/4.3.3/avr5\libgcc.a(_udivdi3.o) (__clz_tab)
d:/imt_sdk_win_64/winavr/bin/../lib/gcc/avr/4.3.3/../../../../avr/lib/avr5\libc.a(strcmp.o)
                              ./APP/App.o (strcmp)

Memory Configuration

Name             Origin             Length             Attributes
text             0x00000000         0x00020000         xr
data             0x00800060         0x0000ffa0         rw !x
eeprom           0x00810000         0x00010000         rw !x
fuse             0x00820000         0x00000400         rw !x
lock             0x00830000         0x00000400         rw !x
signature        0x00840000         0x00000400         rw !x
*default*        0x00000000         0xffffffff

Linker script and memory map

LOAD d:/imt_sdk_win_64/winavr/bin/../lib/gcc/avr/4.3.3/../../../../avr/lib/avr5/crtm32.o
LOAD ./MCAL/UART/UART_prog.o
LOAD ./MCAL/TIMER/TIMER_prog.o
LOAD ./MCAL/PWM/PWM_prog.o
LOAD ./MCAL/GIE/GIE_prog.o
LOAD ./MCAL/EXTI/EXTI.o
LOAD ./MCAL/DIO/DIO.o
LOAD ./HAL/Siren/SIREN_prog.o
LOAD ./HAL/Servo/SERVO_prog.o
LOAD ./HAL/SEVEN_SEGMENT/SEV.o
LOAD ./HAL/SEVEN_SEGMENT/SEV_cfg.o
LOAD ./HAL/LCD/LCD.o
LOAD ./HAL/Bluetooth_Module/Bluetooth_prog.o
LOAD ./APP/Initialization/Initialization.o
LOAD ./APP/App.o
LOAD d:/imt_sdk_win_64/winavr/bin/../lib/gcc/avr/4.3.3/avr5\libgcc.a
LOAD d:/imt_sdk_win_64/winavr/bin/../lib/gcc/avr/4.3.3/../../../../avr/lib/avr5\libc.a
LOAD d:/imt_sdk_win_64/winavr/bin/../lib/gcc/avr/4.3.3/avr5\libgcc.a

.hash
 *(.hash)

.dynsym
 *(.dynsym)

.dynstr
 *(.dynstr)

.gnu.version
 *(.gnu.version)

.gnu.version_d
 *(.gnu.version_d)

.gnu.version_r
 *(.gnu.version_r)

.rel.init
 *(.rel.init)

.rela.init
 *(.rela.init)

.rel.text
 *(.rel.text)
 *(.rel.text.*)
 *(.rel.gnu.linkonce.t*)

.rela.text
 *(.rela.text)
 *(.rela.text.*)
 *(.rela.gnu.linkonce.t*)

.rel.fini
 *(.rel.fini)

.rela.fini
 *(.rela.fini)

.rel.rodata
 *(.rel.rodata)
 *(.rel.rodata.*)
 *(.rel.gnu.linkonce.r*)

.rela.rodata
 *(.rela.rodata)
 *(.rela.rodata.*)
 *(.rela.gnu.linkonce.r*)

.rel.data
 *(.rel.data)
 *(.rel.data.*)
 *(.rel.gnu.linkonce.d*)

.rela.data
 *(.rela.data)
 *(.rela.data.*)
 *(.rela.gnu.linkonce.d*)

.rel.ctors
 *(.rel.ctors)

.rela.ctors
 *(.rela.ctors)

.rel.dtors
 *(.rel.dtors)

.rela.dtors
 *(.rela.dtors)

.rel.got
 *(.rel.got)

.rela.got
 *(.rela.got)

.rel.bss
 *(.rel.bss)

.rela.bss
 *(.rela.bss)

.rel.plt
 *(.rel.plt)

.rela.plt
 *(.rela.plt)

.text           0x00000000     0x6592
 *(.vectors)
 .vectors       0x00000000       0x54 d:/imt_sdk_win_64/winavr/bin/../lib/gcc/avr/4.3.3/../../../../avr/lib/avr5/crtm32.o
                0x00000000                __vectors
                0x00000000                __vector_default
 *(.vectors)
 *(.progmem.gcc*)
 *(.progmem*)
                0x00000054                . = ALIGN (0x2)
                0x00000054                __trampolines_start = .
 *(.trampolines)
 .trampolines   0x00000054        0x0 linker stubs
 *(.trampolines*)
                0x00000054                __trampolines_end = .
 *(.jumptables)
 *(.jumptables*)
 *(.lowtext)
 *(.lowtext*)
                0x00000054                __ctors_start = .
 *(.ctors)
                0x00000054                __ctors_end = .
                0x00000054                __dtors_start = .
 *(.dtors)
                0x00000054                __dtors_end = .
 SORT(*)(.ctors)
 SORT(*)(.dtors)
 *(.init0)
 .init0         0x00000054        0x0 d:/imt_sdk_win_64/winavr/bin/../lib/gcc/avr/4.3.3/../../../../avr/lib/avr5/crtm32.o
                0x00000054                __init
 *(.init0)
 *(.init1)
 *(.init1)
 *(.init2)
 .init2         0x00000054        0xc d:/imt_sdk_win_64/winavr/bin/../lib/gcc/avr/4.3.3/../../../../avr/lib/avr5/crtm32.o
 *(.init2)
 *(.init3)
 *(.init3)
 *(.init4)
 .init4         0x00000060       0x16 d:/imt_sdk_win_64/winavr/bin/../lib/gcc/avr/4.3.3/avr5\libgcc.a(_copy_data.o)
                0x00000060                __do_copy_data
 .init4         0x00000076       0x10 d:/imt_sdk_win_64/winavr/bin/../lib/gcc/avr/4.3.3/avr5\libgcc.a(_clear_bss.o)
                0x00000076                __do_clear_bss
 *(.init4)
 *(.init5)
 *(.init5)
 *(.init6)
 *(.init6)
 *(.init7)
 *(.init7)
 *(.init8)
 *(.init8)
 *(.init9)
 .init9         0x00000086        0x8 d:/imt_sdk_win_64/winavr/bin/../lib/gcc/avr/4.3.3/../../../../avr/lib/avr5/crtm32.o
 *(.init9)
 *(.text)
 .text          0x0000008e        0x4 d:/imt_sdk_win_64/winavr/bin/../lib/gcc/avr/4.3.3/../../../../avr/lib/avr5/crtm32.o
                0x0000008e                __vector_12
                0x0000008e                __bad_interrupt
                0x0000008e                __vector_6
                0x0000008e                __vector_13
                0x0000008e                __vector_17
                0x0000008e                __vector_19
                0x0000008e                __vector_7
                0x0000008e                __vector_4
                0x0000008e                __vector_9
                0x0000008e                __vector_15
                0x0000008e                __vector_8
                0x0000008e                __vector_14
                0x0000008e                __vector_10
                0x0000008e                __vector_16
                0x0000008e                __vector_18
                0x0000008e                __vector_20
 .text          0x00000092        0x0 ./MCAL/UART/UART_prog.o
 .text          0x00000092        0x0 ./MCAL/TIMER/TIMER_prog.o
 .text          0x00000092        0x0 ./MCAL/PWM/PWM_prog.o
 .text          0x00000092        0x0 ./MCAL/GIE/GIE_prog.o
 .text          0x00000092        0x0 ./MCAL/EXTI/EXTI.o
 .text          0x00000092        0x0 ./MCAL/DIO/DIO.o
 .text          0x00000092        0x0 ./HAL/Siren/SIREN_prog.o
 .text          0x00000092        0x0 ./HAL/Servo/SERVO_prog.o
 .text          0x00000092        0x0 ./HAL/SEVEN_SEGMENT/SEV.o
 .text          0x00000092        0x0 ./HAL/SEVEN_SEGMENT/SEV_cfg.o
 .text          0x00000092        0x0 ./HAL/LCD/LCD.o
 .text          0x00000092        0x0 ./HAL/Bluetooth_Module/Bluetooth_prog.o
 .text          0x00000092        0x0 ./APP/Initialization/Initialization.o
 .text          0x00000092        0x0 ./APP/App.o
 .text          0x00000092        0x0 d:/imt_sdk_win_64/winavr/bin/../lib/gcc/avr/4.3.3/avr5\libgcc.a(_udivmodqi4.o)
 .text          0x00000092        0x0 d:/imt_sdk_win_64/winavr/bin/../lib/gcc/avr/4.3.3/avr5\libgcc.a(_udivmodsi4.o)
 .text          0x00000092        0x0 d:/imt_sdk_win_64/winavr/bin/../lib/gcc/avr/4.3.3/avr5\libgcc.a(_divmodsi4.o)
 .text          0x00000092        0x0 d:/imt_sdk_win_64/winavr/bin/../lib/gcc/avr/4.3.3/avr5\libgcc.a(_exit.o)
 .text          0x00000092        0x0 d:/imt_sdk_win_64/winavr/bin/../lib/gcc/avr/4.3.3/avr5\libgcc.a(_copy_data.o)
 .text          0x00000092        0x0 d:/imt_sdk_win_64/winavr/bin/../lib/gcc/avr/4.3.3/avr5\libgcc.a(_clear_bss.o)
 .text          0x00000092       0xfe d:/imt_sdk_win_64/winavr/bin/../lib/gcc/avr/4.3.3/avr5\libgcc.a(_ashldi3.o)
                0x00000092                __ashldi3
 .text          0x00000190      0xcea d:/imt_sdk_win_64/winavr/bin/../lib/gcc/avr/4.3.3/avr5\libgcc.a(_udivdi3.o)
                0x00000190                __udivdi3
 .text          0x00000e7a      0xce0 d:/imt_sdk_win_64/winavr/bin/../lib/gcc/avr/4.3.3/avr5\libgcc.a(_umoddi3.o)
                0x00000e7a                __umoddi3
 .text          0x00001b5a        0x0 d:/imt_sdk_win_64/winavr/bin/../lib/gcc/avr/4.3.3/avr5\libgcc.a(_mulsi3.o)
 .text          0x00001b5a        0x0 d:/imt_sdk_win_64/winavr/bin/../lib/gcc/avr/4.3.3/avr5\libgcc.a(_prologue.o)
 .text          0x00001b5a        0x0 d:/imt_sdk_win_64/winavr/bin/../lib/gcc/avr/4.3.3/avr5\libgcc.a(_epilogue.o)
 .text          0x00001b5a        0x0 d:/imt_sdk_win_64/winavr/bin/../lib/gcc/avr/4.3.3/avr5\libgcc.a(_clz.o)
 .text          0x00001b5a        0x0 d:/imt_sdk_win_64/winavr/bin/../lib/gcc/avr/4.3.3/../../../../avr/lib/avr5\libc.a(strcmp.o)
                0x00001b5a                . = ALIGN (0x2)
 *(.text.*)
 .text.UART_vInit
                0x00001b5a      0x2dc ./MCAL/UART/UART_prog.o
                0x00001b5a                UART_vInit
 .text.UART_vEnable
                0x00001e36       0x34 ./MCAL/UART/UART_prog.o
                0x00001e36                UART_vEnable
 .text.UART_vDisable
                0x00001e6a       0x34 ./MCAL/UART/UART_prog.o
                0x00001e6a                UART_vDisable
 .text.UART_vSendData
                0x00001e9e       0x34 ./MCAL/UART/UART_prog.o
                0x00001e9e                UART_vSendData
 .text.UART_u8ReceiveData
                0x00001ed2       0x3a ./MCAL/UART/UART_prog.o
                0x00001ed2                UART_u8ReceiveData
 .text.UART_vSendString
                0x00001f0c       0x3a ./MCAL/UART/UART_prog.o
                0x00001f0c                UART_vSendString
 .text.UART_vClearBuffer
                0x00001f46       0x28 ./MCAL/UART/UART_prog.o
                0x00001f46                UART_vClearBuffer
 .text.TMR_vInit
                0x00001f6e      0x538 ./MCAL/TIMER/TIMER_prog.o
                0x00001f6e                TMR_vInit
 .text.TMR_vStartTimer
                0x000024a6      0x364 ./MCAL/TIMER/TIMER_prog.o
                0x000024a6                TMR_vStartTimer
 .text.TMR_vStop
                0x0000280a       0x8c ./MCAL/TIMER/TIMER_prog.o
                0x0000280a                TMR_vStop
 .text.TMR_vSetICRValue
                0x00002896       0x48 ./MCAL/TIMER/TIMER_prog.o
                0x00002896                TMR_vSetICRValue
 .text.TMR_vSetOCRValue
                0x000028de       0x88 ./MCAL/TIMER/TIMER_prog.o
                0x000028de                TMR_vSetOCRValue
 .text.__vector_5
                0x00002966      0x156 ./MCAL/TIMER/TIMER_prog.o
                0x00002966                __vector_5
 .text.PWM_vInit
                0x00002abc      0x882 ./MCAL/PWM/PWM_prog.o
                0x00002abc                PWM_vInit
 .text.PWM_vSetICR
                0x0000333e       0x48 ./MCAL/PWM/PWM_prog.o
                0x0000333e                PWM_vSetICR
 .text.PWM_vSetOCR
                0x00003386       0x88 ./MCAL/PWM/PWM_prog.o
                0x00003386                PWM_vSetOCR
 .text.PWM_vStart
                0x0000340e      0x382 ./MCAL/PWM/PWM_prog.o
                0x0000340e                PWM_vStart
 .text.PWM_vStop
                0x00003790       0x8c ./MCAL/PWM/PWM_prog.o
                0x00003790                PWM_vStop
 .text.GIE_Enable
                0x0000381c       0x1c ./MCAL/GIE/GIE_prog.o
                0x0000381c                GIE_Enable
 .text.GIE_Disable
                0x00003838       0x1c ./MCAL/GIE/GIE_prog.o
                0x00003838                GIE_Disable
 .text.EXTI_Enable
                0x00003854       0x3a ./MCAL/EXTI/EXTI.o
                0x00003854                EXTI_Enable
 .text.EXTI_Disable
                0x0000388e       0x3c ./MCAL/EXTI/EXTI.o
                0x0000388e                EXTI_Disable
 .text.EXTI_InitMode
                0x000038ca      0x198 ./MCAL/EXTI/EXTI.o
                0x000038ca                EXTI_InitMode
 .text.EXTI_CheckIntFlag
                0x00003a62       0x8e ./MCAL/EXTI/EXTI.o
                0x00003a62                EXTI_CheckIntFlag
 .text.EXTI_FnCallBack_INT0
                0x00003af0       0x24 ./MCAL/EXTI/EXTI.o
                0x00003af0                EXTI_FnCallBack_INT0
 .text.EXTI_FnCallBack_INT1
                0x00003b14       0x24 ./MCAL/EXTI/EXTI.o
                0x00003b14                EXTI_FnCallBack_INT1
 .text.EXTI_FnCallBack_INT2
                0x00003b38       0x24 ./MCAL/EXTI/EXTI.o
                0x00003b38                EXTI_FnCallBack_INT2
 .text.__vector_1
                0x00003b5c       0x5a ./MCAL/EXTI/EXTI.o
                0x00003b5c                __vector_1
 .text.__vector_2
                0x00003bb6       0x5a ./MCAL/EXTI/EXTI.o
                0x00003bb6                __vector_2
 .text.__vector_3
                0x00003c10       0x5a ./MCAL/EXTI/EXTI.o
                0x00003c10                __vector_3
 .text.DIO_voidInit
                0x00003c6a       0x2e ./MCAL/DIO/DIO.o
                0x00003c6a                DIO_voidInit
 .text.DIO_vSetPinDir
                0x00003c98      0x200 ./MCAL/DIO/DIO.o
                0x00003c98                DIO_vSetPinDir
 .text.DIO_InitCertainPort
                0x00003e98       0x6a ./MCAL/DIO/DIO.o
                0x00003e98                DIO_InitCertainPort
 .text.DIO_enuWritePin
                0x00003f02      0x26c ./MCAL/DIO/DIO.o
                0x00003f02                DIO_enuWritePin
 .text.DIO_enuReadPin
                0x0000416e      0x114 ./MCAL/DIO/DIO.o
                0x0000416e                DIO_enuReadPin
 .text.DIO_enuStatePullup
                0x00004282       0x20 ./MCAL/DIO/DIO.o
                0x00004282                DIO_enuStatePullup
 .text.DIO_enuWriteGroup
                0x000042a2       0x7a ./MCAL/DIO/DIO.o
                0x000042a2                DIO_enuWriteGroup
 .text.Siren_vInit
                0x0000431c       0x46 ./HAL/Siren/SIREN_prog.o
                0x0000431c                Siren_vInit
 .text.SIREN_vChangeSound
                0x00004362       0x80 ./HAL/Siren/SIREN_prog.o
                0x00004362                SIREN_vChangeSound
 .text.SIREN_vStop
                0x000043e2       0x1a ./HAL/Siren/SIREN_prog.o
                0x000043e2                SIREN_vStop
 .text.__vector_11
                0x000043fc       0x48 ./HAL/Siren/SIREN_prog.o
                0x000043fc                __vector_11
 .text.SERVO_vInit
                0x00004444       0x70 ./HAL/Servo/SERVO_prog.o
                0x00004444                SERVO_vInit
 .text.SERVO_vChangeDirection
                0x000044b4       0x84 ./HAL/Servo/SERVO_prog.o
                0x000044b4                SERVO_vChangeDirection
 .text.SERVO_vStart
                0x00004538       0x20 ./HAL/Servo/SERVO_prog.o
                0x00004538                SERVO_vStart
 .text.SERVO_vStop
                0x00004558       0x20 ./HAL/Servo/SERVO_prog.o
                0x00004558                SERVO_vStop
 .text.Sev_Display
                0x00004578       0xde ./HAL/SEVEN_SEGMENT/SEV.o
                0x00004578                Sev_Display
 .text.PutOnBus
                0x00004656       0x94 ./HAL/SEVEN_SEGMENT/SEV.o
 .text.Sev_PowerOn
                0x000046ea       0x9c ./HAL/SEVEN_SEGMENT/SEV.o
                0x000046ea                Sev_PowerOn
 .text.Sev_PowerOff
                0x00004786       0x9c ./HAL/SEVEN_SEGMENT/SEV.o
                0x00004786                Sev_PowerOff
 .text.Lcd_Init
                0x00004822       0x26 ./HAL/LCD/LCD.o
                0x00004822                Lcd_Init
 .text.Lcd_DisplayCharcter
                0x00004848       0x1a ./HAL/LCD/LCD.o
                0x00004848                Lcd_DisplayCharcter
 .text.Lcd_DisplayString
                0x00004862       0x56 ./HAL/LCD/LCD.o
                0x00004862                Lcd_DisplayString
 .text.Lcd_DisplayNumber
                0x000048b8      0x7b6 ./HAL/LCD/LCD.o
                0x000048b8                Lcd_DisplayNumber
 .text.Lcd_ClearDisplay
                0x0000506e       0x14 ./HAL/LCD/LCD.o
                0x0000506e                Lcd_ClearDisplay
 .text.Lcd_SetCursorPosition
                0x00005082       0x48 ./HAL/LCD/LCD.o
                0x00005082                Lcd_SetCursorPosition
 .text.Lcd_ShiftDisplayLeft
                0x000050ca       0x28 ./HAL/LCD/LCD.o
                0x000050ca                Lcd_ShiftDisplayLeft
 .text.Lcd_moveCursor
                0x000050f2       0x54 ./HAL/LCD/LCD.o
                0x000050f2                Lcd_moveCursor
 .text.Lcd_ShiftDisplayRight
                0x00005146       0x28 ./HAL/LCD/LCD.o
                0x00005146                Lcd_ShiftDisplayRight
 .text.Lcd_ReturnHome
                0x0000516e       0x14 ./HAL/LCD/LCD.o
                0x0000516e                Lcd_ReturnHome
 .text.Lcd_ShiftCursorRight
                0x00005182       0x28 ./HAL/LCD/LCD.o
                0x00005182                Lcd_ShiftCursorRight
 .text.Lcd_ShiftCursorLeft
                0x000051aa       0x28 ./HAL/LCD/LCD.o
                0x000051aa                Lcd_ShiftCursorLeft
 .text.Lcd_ControlDisplay
                0x000051d2       0x80 ./HAL/LCD/LCD.o
                0x000051d2                Lcd_ControlDisplay
 .text.Lcd_SaveSpecialCharacter
                0x00005252       0x6c ./HAL/LCD/LCD.o
                0x00005252                Lcd_SaveSpecialCharacter
 .text.Lcd_Print
                0x000052be      0x128 ./HAL/LCD/LCD.o
                0x000052be                Lcd_Print
 .text.Lcd_SendCommand
                0x000053e6      0x144 ./HAL/LCD/LCD.o
 .text.Lcd_SendData
                0x0000552a      0x144 ./HAL/LCD/LCD.o
 .text.Bluetooth_vInit
                0x0000566e       0x16 ./HAL/Bluetooth_Module/Bluetooth_prog.o
                0x0000566e                Bluetooth_vInit
 .text.Bluetooth_vEnable
                0x00005684       0x16 ./HAL/Bluetooth_Module/Bluetooth_prog.o
                0x00005684                Bluetooth_vEnable
 .text.Bluetooth_vDisable
                0x0000569a       0x16 ./HAL/Bluetooth_Module/Bluetooth_prog.o
                0x0000569a                Bluetooth_vDisable
 .text.Bluetooth_vSendData
                0x000056b0       0x1a ./HAL/Bluetooth_Module/Bluetooth_prog.o
                0x000056b0                Bluetooth_vSendData
 .text.Bluetooth_u8ReceiveData
                0x000056ca       0x1a ./HAL/Bluetooth_Module/Bluetooth_prog.o
                0x000056ca                Bluetooth_u8ReceiveData
 .text.Bluetooth_vSendString
                0x000056e4       0x20 ./HAL/Bluetooth_Module/Bluetooth_prog.o
                0x000056e4                Bluetooth_vSendString
 .text.Bluetooth_vClearBuffer
                0x00005704       0x12 ./HAL/Bluetooth_Module/Bluetooth_prog.o
                0x00005704                Bluetooth_vClearBuffer
 .text.app_Init
                0x00005716       0x64 ./APP/Initialization/Initialization.o
                0x00005716                app_Init
 .text.main     0x0000577a      0xcc4 ./APP/App.o
                0x0000577a                main
 .text.libgcc   0x0000643e       0x18 d:/imt_sdk_win_64/winavr/bin/../lib/gcc/avr/4.3.3/avr5\libgcc.a(_udivmodqi4.o)
                0x0000643e                __udivmodqi4
 .text.libgcc   0x00006456       0x44 d:/imt_sdk_win_64/winavr/bin/../lib/gcc/avr/4.3.3/avr5\libgcc.a(_udivmodsi4.o)
                0x00006456                __udivmodsi4
 .text.libgcc   0x0000649a       0x36 d:/imt_sdk_win_64/winavr/bin/../lib/gcc/avr/4.3.3/avr5\libgcc.a(_divmodsi4.o)
                0x0000649a                __divmodsi4
 .text.libgcc   0x000064d0        0x0 d:/imt_sdk_win_64/winavr/bin/../lib/gcc/avr/4.3.3/avr5\libgcc.a(_exit.o)
 .text.libgcc   0x000064d0        0x0 d:/imt_sdk_win_64/winavr/bin/../lib/gcc/avr/4.3.3/avr5\libgcc.a(_copy_data.o)
 .text.libgcc   0x000064d0        0x0 d:/imt_sdk_win_64/winavr/bin/../lib/gcc/avr/4.3.3/avr5\libgcc.a(_clear_bss.o)
 .text.libgcc   0x000064d0       0x3e d:/imt_sdk_win_64/winavr/bin/../lib/gcc/avr/4.3.3/avr5\libgcc.a(_mulsi3.o)
                0x000064d0                __mulsi3
 .text.libgcc   0x0000650e       0x38 d:/imt_sdk_win_64/winavr/bin/../lib/gcc/avr/4.3.3/avr5\libgcc.a(_prologue.o)
                0x0000650e                __prologue_saves__
 .text.libgcc   0x00006546       0x36 d:/imt_sdk_win_64/winavr/bin/../lib/gcc/avr/4.3.3/avr5\libgcc.a(_epilogue.o)
                0x00006546                __epilogue_restores__
 .text.avr-libc
                0x0000657c       0x12 d:/imt_sdk_win_64/winavr/bin/../lib/gcc/avr/4.3.3/../../../../avr/lib/avr5\libc.a(strcmp.o)
                0x0000657c                strcmp
                0x0000658e                . = ALIGN (0x2)
 *(.fini9)
 .fini9         0x0000658e        0x0 d:/imt_sdk_win_64/winavr/bin/../lib/gcc/avr/4.3.3/avr5\libgcc.a(_exit.o)
                0x0000658e                exit
                0x0000658e                _exit
 *(.fini9)
 *(.fini8)
 *(.fini8)
 *(.fini7)
 *(.fini7)
 *(.fini6)
 *(.fini6)
 *(.fini5)
 *(.fini5)
 *(.fini4)
 *(.fini4)
 *(.fini3)
 *(.fini3)
 *(.fini2)
 *(.fini2)
 *(.fini1)
 *(.fini1)
 *(.fini0)
 .fini0         0x0000658e        0x4 d:/imt_sdk_win_64/winavr/bin/../lib/gcc/avr/4.3.3/avr5\libgcc.a(_exit.o)
 *(.fini0)
                0x00006592                _etext = .

.data           0x00800060      0x5ba load address 0x00006592
                0x00800060                PROVIDE (__data_start, .)
 *(.data)
 .data          0x00800060        0x0 d:/imt_sdk_win_64/winavr/bin/../lib/gcc/avr/4.3.3/../../../../avr/lib/avr5/crtm32.o
 .data          0x00800060        0x0 ./MCAL/UART/UART_prog.o
 .data          0x00800060       0x1b ./MCAL/TIMER/TIMER_prog.o
 .data          0x0080007b        0x0 ./MCAL/PWM/PWM_prog.o
 .data          0x0080007b        0x0 ./MCAL/GIE/GIE_prog.o
 .data          0x0080007b        0x0 ./MCAL/EXTI/EXTI.o
 .data          0x0080007b        0x0 ./MCAL/DIO/DIO.o
 .data          0x0080007b        0x0 ./HAL/Siren/SIREN_prog.o
 .data          0x0080007b        0x0 ./HAL/Servo/SERVO_prog.o
 .data          0x0080007b        0x0 ./HAL/SEVEN_SEGMENT/SEV.o
 .data          0x0080007b        0x0 ./HAL/SEVEN_SEGMENT/SEV_cfg.o
 .data          0x0080007b        0x0 ./HAL/LCD/LCD.o
 .data          0x0080007b        0x0 ./HAL/Bluetooth_Module/Bluetooth_prog.o
 .data          0x0080007b        0x0 ./APP/Initialization/Initialization.o
 .data          0x0080007b      0x2d8 ./APP/App.o
 .data          0x00800353        0x0 d:/imt_sdk_win_64/winavr/bin/../lib/gcc/avr/4.3.3/avr5\libgcc.a(_udivmodqi4.o)
 .data          0x00800353        0x0 d:/imt_sdk_win_64/winavr/bin/../lib/gcc/avr/4.3.3/avr5\libgcc.a(_udivmodsi4.o)
 .data          0x00800353        0x0 d:/imt_sdk_win_64/winavr/bin/../lib/gcc/avr/4.3.3/avr5\libgcc.a(_divmodsi4.o)
 .data          0x00800353        0x0 d:/imt_sdk_win_64/winavr/bin/../lib/gcc/avr/4.3.3/avr5\libgcc.a(_exit.o)
 .data          0x00800353        0x0 d:/imt_sdk_win_64/winavr/bin/../lib/gcc/avr/4.3.3/avr5\libgcc.a(_copy_data.o)
 .data          0x00800353        0x0 d:/imt_sdk_win_64/winavr/bin/../lib/gcc/avr/4.3.3/avr5\libgcc.a(_clear_bss.o)
 .data          0x00800353        0x0 d:/imt_sdk_win_64/winavr/bin/../lib/gcc/avr/4.3.3/avr5\libgcc.a(_ashldi3.o)
 .data          0x00800353        0x0 d:/imt_sdk_win_64/winavr/bin/../lib/gcc/avr/4.3.3/avr5\libgcc.a(_udivdi3.o)
 .data          0x00800353        0x0 d:/imt_sdk_win_64/winavr/bin/../lib/gcc/avr/4.3.3/avr5\libgcc.a(_umoddi3.o)
 .data          0x00800353        0x0 d:/imt_sdk_win_64/winavr/bin/../lib/gcc/avr/4.3.3/avr5\libgcc.a(_mulsi3.o)
 .data          0x00800353        0x0 d:/imt_sdk_win_64/winavr/bin/../lib/gcc/avr/4.3.3/avr5\libgcc.a(_prologue.o)
 .data          0x00800353        0x0 d:/imt_sdk_win_64/winavr/bin/../lib/gcc/avr/4.3.3/avr5\libgcc.a(_epilogue.o)
 .data          0x00800353      0x100 d:/imt_sdk_win_64/winavr/bin/../lib/gcc/avr/4.3.3/avr5\libgcc.a(_clz.o)
                0x00800353                __clz_tab
 .data          0x00800453        0x0 d:/imt_sdk_win_64/winavr/bin/../lib/gcc/avr/4.3.3/../../../../avr/lib/avr5\libc.a(strcmp.o)
 *(.data*)
 .data.timer2_seconds.2288
                0x00800453        0x1 ./MCAL/TIMER/TIMER_prog.o
 .data.SEV_ConfigSet
                0x00800454       0x12 ./HAL/SEVEN_SEGMENT/SEV_cfg.o
                0x00800454                SEV_ConfigSet
 .data.UART1    0x00800466        0x9 ./HAL/Bluetooth_Module/Bluetooth_prog.o
 .data.users    0x0080046f      0x190 ./APP/Initialization/Initialization.o
                0x0080046f                users
 .data.SERVO1   0x008005ff        0xd ./APP/Initialization/Initialization.o
                0x008005ff                SERVO1
 .data.TIMER2   0x0080060c        0x4 ./APP/Initialization/Initialization.o
                0x0080060c                TIMER2
 *(.rodata)
 *(.rodata*)
 .rodata.C.0.1434
                0x00800610        0xa ./HAL/SEVEN_SEGMENT/SEV.o
 *(.gnu.linkonce.d*)
                0x0080061a                . = ALIGN (0x2)
                0x0080061a                _edata = .
                0x0080061a                PROVIDE (__data_end, .)

.bss            0x0080061a        0xe
                0x0080061a                PROVIDE (__bss_start, .)
 *(.bss)
 .bss           0x0080061a        0x0 d:/imt_sdk_win_64/winavr/bin/../lib/gcc/avr/4.3.3/../../../../avr/lib/avr5/crtm32.o
 .bss           0x0080061a        0x0 ./MCAL/UART/UART_prog.o
 .bss           0x0080061a        0x0 ./MCAL/TIMER/TIMER_prog.o
 .bss           0x0080061a        0x0 ./MCAL/PWM/PWM_prog.o
 .bss           0x0080061a        0x0 ./MCAL/GIE/GIE_prog.o
 .bss           0x0080061a        0x0 ./MCAL/EXTI/EXTI.o
 .bss           0x0080061a        0x0 ./MCAL/DIO/DIO.o
 .bss           0x0080061a        0x0 ./HAL/Siren/SIREN_prog.o
 .bss           0x0080061a        0x0 ./HAL/Servo/SERVO_prog.o
 .bss           0x0080061a        0x0 ./HAL/SEVEN_SEGMENT/SEV.o
 .bss           0x0080061a        0x0 ./HAL/SEVEN_SEGMENT/SEV_cfg.o
 .bss           0x0080061a        0x0 ./HAL/LCD/LCD.o
 .bss           0x0080061a        0x0 ./HAL/Bluetooth_Module/Bluetooth_prog.o
 .bss           0x0080061a        0x0 ./APP/Initialization/Initialization.o
 .bss           0x0080061a        0x0 ./APP/App.o
 .bss           0x0080061a        0x0 d:/imt_sdk_win_64/winavr/bin/../lib/gcc/avr/4.3.3/avr5\libgcc.a(_udivmodqi4.o)
 .bss           0x0080061a        0x0 d:/imt_sdk_win_64/winavr/bin/../lib/gcc/avr/4.3.3/avr5\libgcc.a(_udivmodsi4.o)
 .bss           0x0080061a        0x0 d:/imt_sdk_win_64/winavr/bin/../lib/gcc/avr/4.3.3/avr5\libgcc.a(_divmodsi4.o)
 .bss           0x0080061a        0x0 d:/imt_sdk_win_64/winavr/bin/../lib/gcc/avr/4.3.3/avr5\libgcc.a(_exit.o)
 .bss           0x0080061a        0x0 d:/imt_sdk_win_64/winavr/bin/../lib/gcc/avr/4.3.3/avr5\libgcc.a(_copy_data.o)
 .bss           0x0080061a        0x0 d:/imt_sdk_win_64/winavr/bin/../lib/gcc/avr/4.3.3/avr5\libgcc.a(_clear_bss.o)
 .bss           0x0080061a        0x0 d:/imt_sdk_win_64/winavr/bin/../lib/gcc/avr/4.3.3/avr5\libgcc.a(_ashldi3.o)
 .bss           0x0080061a        0x0 d:/imt_sdk_win_64/winavr/bin/../lib/gcc/avr/4.3.3/avr5\libgcc.a(_udivdi3.o)
 .bss           0x0080061a        0x0 d:/imt_sdk_win_64/winavr/bin/../lib/gcc/avr/4.3.3/avr5\libgcc.a(_umoddi3.o)
 .bss           0x0080061a        0x0 d:/imt_sdk_win_64/winavr/bin/../lib/gcc/avr/4.3.3/avr5\libgcc.a(_mulsi3.o)
 .bss           0x0080061a        0x0 d:/imt_sdk_win_64/winavr/bin/../lib/gcc/avr/4.3.3/avr5\libgcc.a(_prologue.o)
 .bss           0x0080061a        0x0 d:/imt_sdk_win_64/winavr/bin/../lib/gcc/avr/4.3.3/avr5\libgcc.a(_epilogue.o)
 .bss           0x0080061a        0x0 d:/imt_sdk_win_64/winavr/bin/../lib/gcc/avr/4.3.3/avr5\libgcc.a(_clz.o)
 .bss           0x0080061a        0x0 d:/imt_sdk_win_64/winavr/bin/../lib/gcc/avr/4.3.3/../../../../avr/lib/avr5\libc.a(strcmp.o)
 *(.bss*)
 .bss.timer2_flag
                0x0080061a        0x1 ./MCAL/TIMER/TIMER_prog.o
                0x0080061a                timer2_flag
 .bss.timer2_inner_counter.2287
                0x0080061b        0x1 ./MCAL/TIMER/TIMER_prog.o
 .bss.PF1_CallBack
                0x0080061c        0x2 ./MCAL/EXTI/EXTI.o
 .bss.PF2_CallBack
                0x0080061e        0x2 ./MCAL/EXTI/EXTI.o
 .bss.PF3_CallBack
                0x00800620        0x2 ./MCAL/EXTI/EXTI.o
 .bss.CURRENT_SIREN
                0x00800622        0x4 ./HAL/Siren/SIREN_prog.o
 .bss.CURRENT_STATE
                0x00800626        0x1 ./HAL/Siren/SIREN_prog.o
 .bss.LOCAL_u8ReceivedData.1498
                0x00800627        0x1 ./HAL/Bluetooth_Module/Bluetooth_prog.o
 *(COMMON)
                0x00800628                PROVIDE (__bss_end, .)
                0x00006592                __data_load_start = LOADADDR (.data)
                0x00006b4c                __data_load_end = (__data_load_start + SIZEOF (.data))

.noinit         0x00800628        0x0
                0x00800628                PROVIDE (__noinit_start, .)
 *(.noinit*)
                0x00800628                PROVIDE (__noinit_end, .)
                0x00800628                _end = .
                0x00800628                PROVIDE (__heap_start, .)

.eeprom         0x00810000        0x0
 *(.eeprom*)
                0x00810000                __eeprom_end = .

.fuse
 *(.fuse)
 *(.lfuse)
 *(.hfuse)
 *(.efuse)

.lock
 *(.lock*)

.signature
 *(.signature*)

.stab           0x00000000     0x6a38
 *(.stab)
 .stab          0x00000000      0x9a8 ./MCAL/UART/UART_prog.o
 .stab          0x000009a8      0xccc ./MCAL/TIMER/TIMER_prog.o
                                0xeac (size before relaxing)
 .stab          0x00001674      0xcfc ./MCAL/PWM/PWM_prog.o
                                0xedc (size before relaxing)
 .stab          0x00002370      0x234 ./MCAL/GIE/GIE_prog.o
                                0x414 (size before relaxing)
 .stab          0x000025a4      0x720 ./MCAL/EXTI/EXTI.o
                                0x900 (size before relaxing)
 .stab          0x00002cc4      0x750 ./MCAL/DIO/DIO.o
                                0x930 (size before relaxing)
 .stab          0x00003414      0x51c ./HAL/Siren/SIREN_prog.o
                                0x6fc (size before relaxing)
 .stab          0x00003930      0x4e0 ./HAL/Servo/SERVO_prog.o
                                0x6c0 (size before relaxing)
 .stab          0x00003e10      0x504 ./HAL/SEVEN_SEGMENT/SEV.o
                                0x6e4 (size before relaxing)
 .stab          0x00004314      0x150 ./HAL/SEVEN_SEGMENT/SEV_cfg.o
                                0x42c (size before relaxing)
 .stab          0x00004464      0xc0c ./HAL/LCD/LCD.o
                                0xdec (size before relaxing)
 .stab          0x00005070      0x4ec ./HAL/Bluetooth_Module/Bluetooth_prog.o
                                0x6cc (size before relaxing)
 .stab          0x0000555c      0x798 ./APP/Initialization/Initialization.o
                                0x978 (size before relaxing)
 .stab          0x00005cf4      0xd44 ./APP/App.o
                               0x13b0 (size before relaxing)

.stabstr        0x00000000     0x60a3
 *(.stabstr)
 .stabstr       0x00000000     0x60a3 ./MCAL/UART/UART_prog.o

.stab.excl
 *(.stab.excl)

.stab.exclstr
 *(.stab.exclstr)

.stab.index
 *(.stab.index)

.stab.indexstr
 *(.stab.indexstr)

.comment
 *(.comment)

.debug
 *(.debug)

.line
 *(.line)

.debug_srcinfo
 *(.debug_srcinfo)

.debug_sfnames
 *(.debug_sfnames)

.debug_aranges  0x00000000       0x60
 *(.debug_aranges)
 .debug_aranges
                0x00000000       0x20 d:/imt_sdk_win_64/winavr/bin/../lib/gcc/avr/4.3.3/avr5\libgcc.a(_ashldi3.o)
 .debug_aranges
                0x00000020       0x20 d:/imt_sdk_win_64/winavr/bin/../lib/gcc/avr/4.3.3/avr5\libgcc.a(_udivdi3.o)
 .debug_aranges
                0x00000040       0x20 d:/imt_sdk_win_64/winavr/bin/../lib/gcc/avr/4.3.3/avr5\libgcc.a(_umoddi3.o)

.debug_pubnames
                0x00000000       0x80
 *(.debug_pubnames)
 .debug_pubnames
                0x00000000       0x20 d:/imt_sdk_win_64/winavr/bin/../lib/gcc/avr/4.3.3/avr5\libgcc.a(_ashldi3.o)
 .debug_pubnames
                0x00000020       0x20 d:/imt_sdk_win_64/winavr/bin/../lib/gcc/avr/4.3.3/avr5\libgcc.a(_udivdi3.o)
 .debug_pubnames
                0x00000040       0x20 d:/imt_sdk_win_64/winavr/bin/../lib/gcc/avr/4.3.3/avr5\libgcc.a(_umoddi3.o)
 .debug_pubnames
                0x00000060       0x20 d:/imt_sdk_win_64/winavr/bin/../lib/gcc/avr/4.3.3/avr5\libgcc.a(_clz.o)

.debug_info     0x00000000     0x109d
 *(.debug_info)
 .debug_info    0x00000000      0x17f d:/imt_sdk_win_64/winavr/bin/../lib/gcc/avr/4.3.3/avr5\libgcc.a(_ashldi3.o)
 .debug_info    0x0000017f      0x71e d:/imt_sdk_win_64/winavr/bin/../lib/gcc/avr/4.3.3/avr5\libgcc.a(_udivdi3.o)
 .debug_info    0x0000089d      0x757 d:/imt_sdk_win_64/winavr/bin/../lib/gcc/avr/4.3.3/avr5\libgcc.a(_umoddi3.o)
 .debug_info    0x00000ff4       0xa9 d:/imt_sdk_win_64/winavr/bin/../lib/gcc/avr/4.3.3/avr5\libgcc.a(_clz.o)
 *(.gnu.linkonce.wi.*)

.debug_abbrev   0x00000000      0x469
 *(.debug_abbrev)
 .debug_abbrev  0x00000000       0xee d:/imt_sdk_win_64/winavr/bin/../lib/gcc/avr/4.3.3/avr5\libgcc.a(_ashldi3.o)
 .debug_abbrev  0x000000ee      0x181 d:/imt_sdk_win_64/winavr/bin/../lib/gcc/avr/4.3.3/avr5\libgcc.a(_udivdi3.o)
 .debug_abbrev  0x0000026f      0x190 d:/imt_sdk_win_64/winavr/bin/../lib/gcc/avr/4.3.3/avr5\libgcc.a(_umoddi3.o)
 .debug_abbrev  0x000003ff       0x6a d:/imt_sdk_win_64/winavr/bin/../lib/gcc/avr/4.3.3/avr5\libgcc.a(_clz.o)

.debug_line     0x00000000      0x55b
 *(.debug_line)
 .debug_line    0x00000000       0xd7 d:/imt_sdk_win_64/winavr/bin/../lib/gcc/avr/4.3.3/avr5\libgcc.a(_ashldi3.o)
 .debug_line    0x000000d7      0x1d8 d:/imt_sdk_win_64/winavr/bin/../lib/gcc/avr/4.3.3/avr5\libgcc.a(_udivdi3.o)
 .debug_line    0x000002af      0x230 d:/imt_sdk_win_64/winavr/bin/../lib/gcc/avr/4.3.3/avr5\libgcc.a(_umoddi3.o)
 .debug_line    0x000004df       0x7c d:/imt_sdk_win_64/winavr/bin/../lib/gcc/avr/4.3.3/avr5\libgcc.a(_clz.o)

.debug_frame    0x00000000       0x60
 *(.debug_frame)
 .debug_frame   0x00000000       0x20 d:/imt_sdk_win_64/winavr/bin/../lib/gcc/avr/4.3.3/avr5\libgcc.a(_ashldi3.o)
 .debug_frame   0x00000020       0x20 d:/imt_sdk_win_64/winavr/bin/../lib/gcc/avr/4.3.3/avr5\libgcc.a(_udivdi3.o)
 .debug_frame   0x00000040       0x20 d:/imt_sdk_win_64/winavr/bin/../lib/gcc/avr/4.3.3/avr5\libgcc.a(_umoddi3.o)

.debug_str      0x00000000      0x16a
 *(.debug_str)
 .debug_str     0x00000000       0xe4 d:/imt_sdk_win_64/winavr/bin/../lib/gcc/avr/4.3.3/avr5\libgcc.a(_ashldi3.o)
                                0x131 (size before relaxing)
 .debug_str     0x000000e4       0x7c d:/imt_sdk_win_64/winavr/bin/../lib/gcc/avr/4.3.3/avr5\libgcc.a(_udivdi3.o)
                                0x18a (size before relaxing)
 .debug_str     0x00000160        0xa d:/imt_sdk_win_64/winavr/bin/../lib/gcc/avr/4.3.3/avr5\libgcc.a(_umoddi3.o)
                                0x18a (size before relaxing)
 .debug_str     0x00000000       0xf4 d:/imt_sdk_win_64/winavr/bin/../lib/gcc/avr/4.3.3/avr5\libgcc.a(_clz.o)

.debug_loc      0x00000000     0x1a1e
 *(.debug_loc)
 .debug_loc     0x00000000       0xf8 d:/imt_sdk_win_64/winavr/bin/../lib/gcc/avr/4.3.3/avr5\libgcc.a(_ashldi3.o)
 .debug_loc     0x000000f8      0xe74 d:/imt_sdk_win_64/winavr/bin/../lib/gcc/avr/4.3.3/avr5\libgcc.a(_udivdi3.o)
 .debug_loc     0x00000f6c      0xab2 d:/imt_sdk_win_64/winavr/bin/../lib/gcc/avr/4.3.3/avr5\libgcc.a(_umoddi3.o)

.debug_macinfo
 *(.debug_macinfo)
OUTPUT(AVR_DRIVERS.elf elf32-avr)
LOAD linker stubs

.debug_ranges   0x00000000       0x30
 .debug_ranges  0x00000000       0x18 d:/imt_sdk_win_64/winavr/bin/../lib/gcc/avr/4.3.3/avr5\libgcc.a(_udivdi3.o)
 .debug_ranges  0x00000018       0x18 d:/imt_sdk_win_64/winavr/bin/../lib/gcc/avr/4.3.3/avr5\libgcc.a(_umoddi3.o)
