Archive member included because of file (symbol)

d:/imt_sdk_win_64/winavr/bin/../lib/gcc/avr/4.3.3/avr5\libgcc.a(_udivmodqi4.o)
                              ./MCAL/DIO/DIO.o (__udivmodqi4)
d:/imt_sdk_win_64/winavr/bin/../lib/gcc/avr/4.3.3/avr5\libgcc.a(_udivmodsi4.o)
                              ./HAL/Siren/SIREN_prog.o (__udivmodsi4)
d:/imt_sdk_win_64/winavr/bin/../lib/gcc/avr/4.3.3/avr5\libgcc.a(_divmodsi4.o)
                              ./HAL/LCD/LCD.o (__divmodsi4)
d:/imt_sdk_win_64/winavr/bin/../lib/gcc/avr/4.3.3/avr5\libgcc.a(_exit.o)
                              d:/imt_sdk_win_64/winavr/bin/../lib/gcc/avr/4.3.3/../../../../avr/lib/avr5/crtm32.o (exit)
d:/imt_sdk_win_64/winavr/bin/../lib/gcc/avr/4.3.3/avr5\libgcc.a(_copy_data.o)
                              ./MCAL/TIMER/TIMER_prog.o (__do_copy_data)
d:/imt_sdk_win_64/winavr/bin/../lib/gcc/avr/4.3.3/avr5\libgcc.a(_clear_bss.o)
                              ./MCAL/UART_Driver/UART_program.o (__do_clear_bss)
d:/imt_sdk_win_64/winavr/bin/../lib/gcc/avr/4.3.3/avr5\libgcc.a(_ashldi3.o)
                              ./HAL/LCD/LCD.o (__ashldi3)
d:/imt_sdk_win_64/winavr/bin/../lib/gcc/avr/4.3.3/avr5\libgcc.a(_udivdi3.o)
                              ./HAL/LCD/LCD.o (__udivdi3)
d:/imt_sdk_win_64/winavr/bin/../lib/gcc/avr/4.3.3/avr5\libgcc.a(_umoddi3.o)
                              ./HAL/LCD/LCD.o (__umoddi3)
d:/imt_sdk_win_64/winavr/bin/../lib/gcc/avr/4.3.3/avr5\libgcc.a(_mulsi3.o)
                              d:/imt_sdk_win_64/winavr/bin/../lib/gcc/avr/4.3.3/avr5\libgcc.a(_udivdi3.o) (__mulsi3)
d:/imt_sdk_win_64/winavr/bin/../lib/gcc/avr/4.3.3/avr5\libgcc.a(_prologue.o)
                              d:/imt_sdk_win_64/winavr/bin/../lib/gcc/avr/4.3.3/avr5\libgcc.a(_udivdi3.o) (__prologue_saves__)
d:/imt_sdk_win_64/winavr/bin/../lib/gcc/avr/4.3.3/avr5\libgcc.a(_epilogue.o)
                              d:/imt_sdk_win_64/winavr/bin/../lib/gcc/avr/4.3.3/avr5\libgcc.a(_udivdi3.o) (__epilogue_restores__)
d:/imt_sdk_win_64/winavr/bin/../lib/gcc/avr/4.3.3/avr5\libgcc.a(_clz.o)
                              d:/imt_sdk_win_64/winavr/bin/../lib/gcc/avr/4.3.3/avr5\libgcc.a(_udivdi3.o) (__clz_tab)
d:/imt_sdk_win_64/winavr/bin/../lib/gcc/avr/4.3.3/../../../../avr/lib/avr5\libc.a(strcmp.o)
                              ./APP/App.o (strcmp)

Memory Configuration

Name             Origin             Length             Attributes
text             0x00000000         0x00020000         xr
data             0x00800060         0x0000ffa0         rw !x
eeprom           0x00810000         0x00010000         rw !x
fuse             0x00820000         0x00000400         rw !x
lock             0x00830000         0x00000400         rw !x
signature        0x00840000         0x00000400         rw !x
*default*        0x00000000         0xffffffff

Linker script and memory map

LOAD d:/imt_sdk_win_64/winavr/bin/../lib/gcc/avr/4.3.3/../../../../avr/lib/avr5/crtm32.o
LOAD ./MCAL/UART_Driver/UART_program.o
LOAD ./MCAL/UART/UART_prog.o
LOAD ./MCAL/TIMER/TIMER_prog.o
LOAD ./MCAL/PWM/PWM_prog.o
LOAD ./MCAL/GIE/GIE_prog.o
LOAD ./MCAL/EXTI/EXTI.o
LOAD ./MCAL/DIO/DIO.o
LOAD ./HAL/Siren/SIREN_prog.o
LOAD ./HAL/Servo/SERVO_prog.o
LOAD ./HAL/LCD/LCD.o
LOAD ./HAL/Bluetooth_Module/Bluetooth_prog.o
LOAD ./APP/App.o
LOAD ./APP/TestADC.o
LOAD ./APP/Test_Bluetooth.o
LOAD ./APP/Test_Servo.o
LOAD ./APP/Test_Siren.o
LOAD ./APP/Test_UART.o
LOAD d:/imt_sdk_win_64/winavr/bin/../lib/gcc/avr/4.3.3/avr5\libgcc.a
LOAD d:/imt_sdk_win_64/winavr/bin/../lib/gcc/avr/4.3.3/../../../../avr/lib/avr5\libc.a
LOAD d:/imt_sdk_win_64/winavr/bin/../lib/gcc/avr/4.3.3/avr5\libgcc.a

.hash
 *(.hash)

.dynsym
 *(.dynsym)

.dynstr
 *(.dynstr)

.gnu.version
 *(.gnu.version)

.gnu.version_d
 *(.gnu.version_d)

.gnu.version_r
 *(.gnu.version_r)

.rel.init
 *(.rel.init)

.rela.init
 *(.rela.init)

.rel.text
 *(.rel.text)
 *(.rel.text.*)
 *(.rel.gnu.linkonce.t*)

.rela.text
 *(.rela.text)
 *(.rela.text.*)
 *(.rela.gnu.linkonce.t*)

.rel.fini
 *(.rel.fini)

.rela.fini
 *(.rela.fini)

.rel.rodata
 *(.rel.rodata)
 *(.rel.rodata.*)
 *(.rel.gnu.linkonce.r*)

.rela.rodata
 *(.rela.rodata)
 *(.rela.rodata.*)
 *(.rela.gnu.linkonce.r*)

.rel.data
 *(.rel.data)
 *(.rel.data.*)
 *(.rel.gnu.linkonce.d*)

.rela.data
 *(.rela.data)
 *(.rela.data.*)
 *(.rela.gnu.linkonce.d*)

.rel.ctors
 *(.rel.ctors)

.rela.ctors
 *(.rela.ctors)

.rel.dtors
 *(.rel.dtors)

.rela.dtors
 *(.rela.dtors)

.rel.got
 *(.rel.got)

.rela.got
 *(.rela.got)

.rel.bss
 *(.rel.bss)

.rela.bss
 *(.rela.bss)

.rel.plt
 *(.rel.plt)

.rela.plt
 *(.rela.plt)

.text           0x00000000     0x6212
 *(.vectors)
 .vectors       0x00000000       0x54 d:/imt_sdk_win_64/winavr/bin/../lib/gcc/avr/4.3.3/../../../../avr/lib/avr5/crtm32.o
                0x00000000                __vectors
                0x00000000                __vector_default
 *(.vectors)
 *(.progmem.gcc*)
 *(.progmem*)
                0x00000054                . = ALIGN (0x2)
                0x00000054                __trampolines_start = .
 *(.trampolines)
 .trampolines   0x00000054        0x0 linker stubs
 *(.trampolines*)
                0x00000054                __trampolines_end = .
 *(.jumptables)
 *(.jumptables*)
 *(.lowtext)
 *(.lowtext*)
                0x00000054                __ctors_start = .
 *(.ctors)
                0x00000054                __ctors_end = .
                0x00000054                __dtors_start = .
 *(.dtors)
                0x00000054                __dtors_end = .
 SORT(*)(.ctors)
 SORT(*)(.dtors)
 *(.init0)
 .init0         0x00000054        0x0 d:/imt_sdk_win_64/winavr/bin/../lib/gcc/avr/4.3.3/../../../../avr/lib/avr5/crtm32.o
                0x00000054                __init
 *(.init0)
 *(.init1)
 *(.init1)
 *(.init2)
 .init2         0x00000054        0xc d:/imt_sdk_win_64/winavr/bin/../lib/gcc/avr/4.3.3/../../../../avr/lib/avr5/crtm32.o
 *(.init2)
 *(.init3)
 *(.init3)
 *(.init4)
 .init4         0x00000060       0x16 d:/imt_sdk_win_64/winavr/bin/../lib/gcc/avr/4.3.3/avr5\libgcc.a(_copy_data.o)
                0x00000060                __do_copy_data
 .init4         0x00000076       0x10 d:/imt_sdk_win_64/winavr/bin/../lib/gcc/avr/4.3.3/avr5\libgcc.a(_clear_bss.o)
                0x00000076                __do_clear_bss
 *(.init4)
 *(.init5)
 *(.init5)
 *(.init6)
 *(.init6)
 *(.init7)
 *(.init7)
 *(.init8)
 *(.init8)
 *(.init9)
 .init9         0x00000086        0x8 d:/imt_sdk_win_64/winavr/bin/../lib/gcc/avr/4.3.3/../../../../avr/lib/avr5/crtm32.o
 *(.init9)
 *(.text)
 .text          0x0000008e        0x4 d:/imt_sdk_win_64/winavr/bin/../lib/gcc/avr/4.3.3/../../../../avr/lib/avr5/crtm32.o
                0x0000008e                __vector_12
                0x0000008e                __bad_interrupt
                0x0000008e                __vector_6
                0x0000008e                __vector_17
                0x0000008e                __vector_19
                0x0000008e                __vector_7
                0x0000008e                __vector_4
                0x0000008e                __vector_9
                0x0000008e                __vector_8
                0x0000008e                __vector_10
                0x0000008e                __vector_16
                0x0000008e                __vector_18
                0x0000008e                __vector_20
 .text          0x00000092        0x0 ./MCAL/UART_Driver/UART_program.o
 .text          0x00000092        0x0 ./MCAL/UART/UART_prog.o
 .text          0x00000092        0x0 ./MCAL/TIMER/TIMER_prog.o
 .text          0x00000092        0x0 ./MCAL/PWM/PWM_prog.o
 .text          0x00000092        0x0 ./MCAL/GIE/GIE_prog.o
 .text          0x00000092        0x0 ./MCAL/EXTI/EXTI.o
 .text          0x00000092        0x0 ./MCAL/DIO/DIO.o
 .text          0x00000092        0x0 ./HAL/Siren/SIREN_prog.o
 .text          0x00000092        0x0 ./HAL/Servo/SERVO_prog.o
 .text          0x00000092        0x0 ./HAL/LCD/LCD.o
 .text          0x00000092        0x0 ./HAL/Bluetooth_Module/Bluetooth_prog.o
 .text          0x00000092        0x0 ./APP/App.o
 .text          0x00000092        0x0 ./APP/TestADC.o
 .text          0x00000092        0x0 ./APP/Test_Bluetooth.o
 .text          0x00000092        0x0 ./APP/Test_Servo.o
 .text          0x00000092        0x0 ./APP/Test_Siren.o
 .text          0x00000092        0x0 ./APP/Test_UART.o
 .text          0x00000092        0x0 d:/imt_sdk_win_64/winavr/bin/../lib/gcc/avr/4.3.3/avr5\libgcc.a(_udivmodqi4.o)
 .text          0x00000092        0x0 d:/imt_sdk_win_64/winavr/bin/../lib/gcc/avr/4.3.3/avr5\libgcc.a(_udivmodsi4.o)
 .text          0x00000092        0x0 d:/imt_sdk_win_64/winavr/bin/../lib/gcc/avr/4.3.3/avr5\libgcc.a(_divmodsi4.o)
 .text          0x00000092        0x0 d:/imt_sdk_win_64/winavr/bin/../lib/gcc/avr/4.3.3/avr5\libgcc.a(_exit.o)
 .text          0x00000092        0x0 d:/imt_sdk_win_64/winavr/bin/../lib/gcc/avr/4.3.3/avr5\libgcc.a(_copy_data.o)
 .text          0x00000092        0x0 d:/imt_sdk_win_64/winavr/bin/../lib/gcc/avr/4.3.3/avr5\libgcc.a(_clear_bss.o)
 .text          0x00000092       0xfe d:/imt_sdk_win_64/winavr/bin/../lib/gcc/avr/4.3.3/avr5\libgcc.a(_ashldi3.o)
                0x00000092                __ashldi3
 .text          0x00000190      0xcea d:/imt_sdk_win_64/winavr/bin/../lib/gcc/avr/4.3.3/avr5\libgcc.a(_udivdi3.o)
                0x00000190                __udivdi3
 .text          0x00000e7a      0xce0 d:/imt_sdk_win_64/winavr/bin/../lib/gcc/avr/4.3.3/avr5\libgcc.a(_umoddi3.o)
                0x00000e7a                __umoddi3
 .text          0x00001b5a        0x0 d:/imt_sdk_win_64/winavr/bin/../lib/gcc/avr/4.3.3/avr5\libgcc.a(_mulsi3.o)
 .text          0x00001b5a        0x0 d:/imt_sdk_win_64/winavr/bin/../lib/gcc/avr/4.3.3/avr5\libgcc.a(_prologue.o)
 .text          0x00001b5a        0x0 d:/imt_sdk_win_64/winavr/bin/../lib/gcc/avr/4.3.3/avr5\libgcc.a(_epilogue.o)
 .text          0x00001b5a        0x0 d:/imt_sdk_win_64/winavr/bin/../lib/gcc/avr/4.3.3/avr5\libgcc.a(_clz.o)
 .text          0x00001b5a        0x0 d:/imt_sdk_win_64/winavr/bin/../lib/gcc/avr/4.3.3/../../../../avr/lib/avr5\libc.a(strcmp.o)
                0x00001b5a                . = ALIGN (0x2)
 *(.text.*)
 .text.UART_voidInit
                0x00001b5a       0x94 ./MCAL/UART_Driver/UART_program.o
                0x00001b5a                UART_voidInit
 .text.UART_voidSendData_Asynch
                0x00001bee       0x1c ./MCAL/UART_Driver/UART_program.o
                0x00001bee                UART_voidSendData_Asynch
 .text.UART_ReceiveData
                0x00001c0a       0x14 ./MCAL/UART_Driver/UART_program.o
                0x00001c0a                UART_ReceiveData
 .text.__vector_13
                0x00001c1e       0x5a ./MCAL/UART_Driver/UART_program.o
                0x00001c1e                __vector_13
 .text.__vector_14
                0x00001c78       0x5a ./MCAL/UART_Driver/UART_program.o
                0x00001c78                __vector_14
 .text.__vector_15
                0x00001cd2       0x20 ./MCAL/UART_Driver/UART_program.o
                0x00001cd2                __vector_15
 .text.UARTTX_vidSetISR
                0x00001cf2       0x24 ./MCAL/UART_Driver/UART_program.o
                0x00001cf2                UARTTX_vidSetISR
 .text.UARTRX_vidSetISR
                0x00001d16       0x24 ./MCAL/UART_Driver/UART_program.o
                0x00001d16                UARTRX_vidSetISR
 .text.disable_tx
                0x00001d3a       0x1c ./MCAL/UART_Driver/UART_program.o
                0x00001d3a                disable_tx
 .text.enable_tx
                0x00001d56       0x1c ./MCAL/UART_Driver/UART_program.o
                0x00001d56                enable_tx
 .text.UART_vInit
                0x00001d72      0x2dc ./MCAL/UART/UART_prog.o
                0x00001d72                UART_vInit
 .text.UART_vEnable
                0x0000204e       0x34 ./MCAL/UART/UART_prog.o
                0x0000204e                UART_vEnable
 .text.UART_vDisable
                0x00002082       0x34 ./MCAL/UART/UART_prog.o
                0x00002082                UART_vDisable
 .text.UART_vSendData
                0x000020b6       0x34 ./MCAL/UART/UART_prog.o
                0x000020b6                UART_vSendData
 .text.UART_u8ReceiveData
                0x000020ea       0x3a ./MCAL/UART/UART_prog.o
                0x000020ea                UART_u8ReceiveData
 .text.UART_vSendString
                0x00002124       0x3a ./MCAL/UART/UART_prog.o
                0x00002124                UART_vSendString
 .text.UART_vClearBuffer
                0x0000215e       0x28 ./MCAL/UART/UART_prog.o
                0x0000215e                UART_vClearBuffer
 .text.TMR_vInit
                0x00002186      0x538 ./MCAL/TIMER/TIMER_prog.o
                0x00002186                TMR_vInit
 .text.TMR_vStartTimer
                0x000026be      0x364 ./MCAL/TIMER/TIMER_prog.o
                0x000026be                TMR_vStartTimer
 .text.TMR_vStop
                0x00002a22       0x8c ./MCAL/TIMER/TIMER_prog.o
                0x00002a22                TMR_vStop
 .text.TMR_vSetICRValue
                0x00002aae       0x48 ./MCAL/TIMER/TIMER_prog.o
                0x00002aae                TMR_vSetICRValue
 .text.TMR_vSetOCRValue
                0x00002af6       0x88 ./MCAL/TIMER/TIMER_prog.o
                0x00002af6                TMR_vSetOCRValue
 .text.__vector_5
                0x00002b7e       0xc6 ./MCAL/TIMER/TIMER_prog.o
                0x00002b7e                __vector_5
 .text.PWM_vInit
                0x00002c44      0x882 ./MCAL/PWM/PWM_prog.o
                0x00002c44                PWM_vInit
 .text.PWM_vSetICR
                0x000034c6       0x48 ./MCAL/PWM/PWM_prog.o
                0x000034c6                PWM_vSetICR
 .text.PWM_vSetOCR
                0x0000350e       0x88 ./MCAL/PWM/PWM_prog.o
                0x0000350e                PWM_vSetOCR
 .text.PWM_vStart
                0x00003596      0x382 ./MCAL/PWM/PWM_prog.o
                0x00003596                PWM_vStart
 .text.PWM_vStop
                0x00003918       0x8c ./MCAL/PWM/PWM_prog.o
                0x00003918                PWM_vStop
 .text.GIE_Enable
                0x000039a4       0x1c ./MCAL/GIE/GIE_prog.o
                0x000039a4                GIE_Enable
 .text.GIE_Disable
                0x000039c0       0x1c ./MCAL/GIE/GIE_prog.o
                0x000039c0                GIE_Disable
 .text.EXTI_Enable
                0x000039dc       0x3a ./MCAL/EXTI/EXTI.o
                0x000039dc                EXTI_Enable
 .text.EXTI_Disable
                0x00003a16       0x3c ./MCAL/EXTI/EXTI.o
                0x00003a16                EXTI_Disable
 .text.EXTI_InitMode
                0x00003a52      0x198 ./MCAL/EXTI/EXTI.o
                0x00003a52                EXTI_InitMode
 .text.EXTI_CheckIntFlag
                0x00003bea       0x8e ./MCAL/EXTI/EXTI.o
                0x00003bea                EXTI_CheckIntFlag
 .text.EXTI_FnCallBack_INT0
                0x00003c78       0x24 ./MCAL/EXTI/EXTI.o
                0x00003c78                EXTI_FnCallBack_INT0
 .text.EXTI_FnCallBack_INT1
                0x00003c9c       0x24 ./MCAL/EXTI/EXTI.o
                0x00003c9c                EXTI_FnCallBack_INT1
 .text.EXTI_FnCallBack_INT2
                0x00003cc0       0x24 ./MCAL/EXTI/EXTI.o
                0x00003cc0                EXTI_FnCallBack_INT2
 .text.__vector_1
                0x00003ce4       0x5a ./MCAL/EXTI/EXTI.o
                0x00003ce4                __vector_1
 .text.__vector_2
                0x00003d3e       0x5a ./MCAL/EXTI/EXTI.o
                0x00003d3e                __vector_2
 .text.__vector_3
                0x00003d98       0x5a ./MCAL/EXTI/EXTI.o
                0x00003d98                __vector_3
 .text.DIO_voidInit
                0x00003df2       0x2e ./MCAL/DIO/DIO.o
                0x00003df2                DIO_voidInit
 .text.DIO_vSetPinDir
                0x00003e20      0x200 ./MCAL/DIO/DIO.o
                0x00003e20                DIO_vSetPinDir
 .text.DIO_InitCertainPort
                0x00004020       0x6a ./MCAL/DIO/DIO.o
                0x00004020                DIO_InitCertainPort
 .text.DIO_enuWritePin
                0x0000408a      0x26c ./MCAL/DIO/DIO.o
                0x0000408a                DIO_enuWritePin
 .text.DIO_enuReadPin
                0x000042f6      0x114 ./MCAL/DIO/DIO.o
                0x000042f6                DIO_enuReadPin
 .text.DIO_enuStatePullup
                0x0000440a       0x20 ./MCAL/DIO/DIO.o
                0x0000440a                DIO_enuStatePullup
 .text.DIO_enuWriteGroup
                0x0000442a       0x7a ./MCAL/DIO/DIO.o
                0x0000442a                DIO_enuWriteGroup
 .text.Siren_vInit
                0x000044a4       0x46 ./HAL/Siren/SIREN_prog.o
                0x000044a4                Siren_vInit
 .text.SIREN_vChangeSound
                0x000044ea       0x80 ./HAL/Siren/SIREN_prog.o
                0x000044ea                SIREN_vChangeSound
 .text.SIREN_vStop
                0x0000456a       0x1a ./HAL/Siren/SIREN_prog.o
                0x0000456a                SIREN_vStop
 .text.__vector_11
                0x00004584       0x48 ./HAL/Siren/SIREN_prog.o
                0x00004584                __vector_11
 .text.SERVO_vInit
                0x000045cc       0x70 ./HAL/Servo/SERVO_prog.o
                0x000045cc                SERVO_vInit
 .text.SERVO_vChangeDirection
                0x0000463c       0x84 ./HAL/Servo/SERVO_prog.o
                0x0000463c                SERVO_vChangeDirection
 .text.SERVO_vStart
                0x000046c0       0x20 ./HAL/Servo/SERVO_prog.o
                0x000046c0                SERVO_vStart
 .text.SERVO_vStop
                0x000046e0       0x20 ./HAL/Servo/SERVO_prog.o
                0x000046e0                SERVO_vStop
 .text.Lcd_Init
                0x00004700       0x26 ./HAL/LCD/LCD.o
                0x00004700                Lcd_Init
 .text.Lcd_DisplayCharcter
                0x00004726       0x1a ./HAL/LCD/LCD.o
                0x00004726                Lcd_DisplayCharcter
 .text.Lcd_DisplayString
                0x00004740       0x56 ./HAL/LCD/LCD.o
                0x00004740                Lcd_DisplayString
 .text.Lcd_DisplayNumber
                0x00004796      0x7b6 ./HAL/LCD/LCD.o
                0x00004796                Lcd_DisplayNumber
 .text.Lcd_ClearDisplay
                0x00004f4c       0x14 ./HAL/LCD/LCD.o
                0x00004f4c                Lcd_ClearDisplay
 .text.Lcd_SetCursorPosition
                0x00004f60       0x48 ./HAL/LCD/LCD.o
                0x00004f60                Lcd_SetCursorPosition
 .text.Lcd_ShiftDisplayLeft
                0x00004fa8       0x28 ./HAL/LCD/LCD.o
                0x00004fa8                Lcd_ShiftDisplayLeft
 .text.Lcd_moveCursor
                0x00004fd0       0x54 ./HAL/LCD/LCD.o
                0x00004fd0                Lcd_moveCursor
 .text.Lcd_ShiftDisplayRight
                0x00005024       0x28 ./HAL/LCD/LCD.o
                0x00005024                Lcd_ShiftDisplayRight
 .text.Lcd_ReturnHome
                0x0000504c       0x14 ./HAL/LCD/LCD.o
                0x0000504c                Lcd_ReturnHome
 .text.Lcd_ShiftCursorRight
                0x00005060       0x28 ./HAL/LCD/LCD.o
                0x00005060                Lcd_ShiftCursorRight
 .text.Lcd_ShiftCursorLeft
                0x00005088       0x28 ./HAL/LCD/LCD.o
                0x00005088                Lcd_ShiftCursorLeft
 .text.Lcd_ControlDisplay
                0x000050b0       0x80 ./HAL/LCD/LCD.o
                0x000050b0                Lcd_ControlDisplay
 .text.Lcd_SaveSpecialCharacter
                0x00005130       0x6c ./HAL/LCD/LCD.o
                0x00005130                Lcd_SaveSpecialCharacter
 .text.Lcd_Print
                0x0000519c      0x128 ./HAL/LCD/LCD.o
                0x0000519c                Lcd_Print
 .text.Lcd_SendCommand
                0x000052c4      0x144 ./HAL/LCD/LCD.o
 .text.Lcd_SendData
                0x00005408      0x144 ./HAL/LCD/LCD.o
 .text.Bluetooth_vInit
                0x0000554c       0x16 ./HAL/Bluetooth_Module/Bluetooth_prog.o
                0x0000554c                Bluetooth_vInit
 .text.Bluetooth_vEnable
                0x00005562       0x16 ./HAL/Bluetooth_Module/Bluetooth_prog.o
                0x00005562                Bluetooth_vEnable
 .text.Bluetooth_vDisable
                0x00005578       0x16 ./HAL/Bluetooth_Module/Bluetooth_prog.o
                0x00005578                Bluetooth_vDisable
 .text.Bluetooth_vSendData
                0x0000558e       0x1a ./HAL/Bluetooth_Module/Bluetooth_prog.o
                0x0000558e                Bluetooth_vSendData
 .text.Bluetooth_u8ReceiveData
                0x000055a8       0x1a ./HAL/Bluetooth_Module/Bluetooth_prog.o
                0x000055a8                Bluetooth_u8ReceiveData
 .text.Bluetooth_vSendString
                0x000055c2       0x20 ./HAL/Bluetooth_Module/Bluetooth_prog.o
                0x000055c2                Bluetooth_vSendString
 .text.Bluetooth_vClearBuffer
                0x000055e2       0x12 ./HAL/Bluetooth_Module/Bluetooth_prog.o
                0x000055e2                Bluetooth_vClearBuffer
 .text.main     0x000055f4      0xaca ./APP/App.o
                0x000055f4                main
 .text.libgcc   0x000060be       0x18 d:/imt_sdk_win_64/winavr/bin/../lib/gcc/avr/4.3.3/avr5\libgcc.a(_udivmodqi4.o)
                0x000060be                __udivmodqi4
 .text.libgcc   0x000060d6       0x44 d:/imt_sdk_win_64/winavr/bin/../lib/gcc/avr/4.3.3/avr5\libgcc.a(_udivmodsi4.o)
                0x000060d6                __udivmodsi4
 .text.libgcc   0x0000611a       0x36 d:/imt_sdk_win_64/winavr/bin/../lib/gcc/avr/4.3.3/avr5\libgcc.a(_divmodsi4.o)
                0x0000611a                __divmodsi4
 .text.libgcc   0x00006150        0x0 d:/imt_sdk_win_64/winavr/bin/../lib/gcc/avr/4.3.3/avr5\libgcc.a(_exit.o)
 .text.libgcc   0x00006150        0x0 d:/imt_sdk_win_64/winavr/bin/../lib/gcc/avr/4.3.3/avr5\libgcc.a(_copy_data.o)
 .text.libgcc   0x00006150        0x0 d:/imt_sdk_win_64/winavr/bin/../lib/gcc/avr/4.3.3/avr5\libgcc.a(_clear_bss.o)
 .text.libgcc   0x00006150       0x3e d:/imt_sdk_win_64/winavr/bin/../lib/gcc/avr/4.3.3/avr5\libgcc.a(_mulsi3.o)
                0x00006150                __mulsi3
 .text.libgcc   0x0000618e       0x38 d:/imt_sdk_win_64/winavr/bin/../lib/gcc/avr/4.3.3/avr5\libgcc.a(_prologue.o)
                0x0000618e                __prologue_saves__
 .text.libgcc   0x000061c6       0x36 d:/imt_sdk_win_64/winavr/bin/../lib/gcc/avr/4.3.3/avr5\libgcc.a(_epilogue.o)
                0x000061c6                __epilogue_restores__
 .text.avr-libc
                0x000061fc       0x12 d:/imt_sdk_win_64/winavr/bin/../lib/gcc/avr/4.3.3/../../../../avr/lib/avr5\libc.a(strcmp.o)
                0x000061fc                strcmp
                0x0000620e                . = ALIGN (0x2)
 *(.fini9)
 .fini9         0x0000620e        0x0 d:/imt_sdk_win_64/winavr/bin/../lib/gcc/avr/4.3.3/avr5\libgcc.a(_exit.o)
                0x0000620e                exit
                0x0000620e                _exit
 *(.fini9)
 *(.fini8)
 *(.fini8)
 *(.fini7)
 *(.fini7)
 *(.fini6)
 *(.fini6)
 *(.fini5)
 *(.fini5)
 *(.fini4)
 *(.fini4)
 *(.fini3)
 *(.fini3)
 *(.fini2)
 *(.fini2)
 *(.fini1)
 *(.fini1)
 *(.fini0)
 .fini0         0x0000620e        0x4 d:/imt_sdk_win_64/winavr/bin/../lib/gcc/avr/4.3.3/avr5\libgcc.a(_exit.o)
 *(.fini0)
                0x00006212                _etext = .

.data           0x00800060      0x4a8 load address 0x00006212
                0x00800060                PROVIDE (__data_start, .)
 *(.data)
 .data          0x00800060        0x0 d:/imt_sdk_win_64/winavr/bin/../lib/gcc/avr/4.3.3/../../../../avr/lib/avr5/crtm32.o
 .data          0x00800060        0x0 ./MCAL/UART_Driver/UART_program.o
 .data          0x00800060        0x0 ./MCAL/UART/UART_prog.o
 .data          0x00800060       0x1b ./MCAL/TIMER/TIMER_prog.o
 .data          0x0080007b        0x0 ./MCAL/PWM/PWM_prog.o
 .data          0x0080007b        0x0 ./MCAL/GIE/GIE_prog.o
 .data          0x0080007b        0x0 ./MCAL/EXTI/EXTI.o
 .data          0x0080007b        0x0 ./MCAL/DIO/DIO.o
 .data          0x0080007b        0x0 ./HAL/Siren/SIREN_prog.o
 .data          0x0080007b        0x0 ./HAL/Servo/SERVO_prog.o
 .data          0x0080007b        0x0 ./HAL/LCD/LCD.o
 .data          0x0080007b        0x0 ./HAL/Bluetooth_Module/Bluetooth_prog.o
 .data          0x0080007b      0x1e1 ./APP/App.o
 .data          0x0080025c        0x0 ./APP/TestADC.o
 .data          0x0080025c        0x0 ./APP/Test_Bluetooth.o
 .data          0x0080025c        0x0 ./APP/Test_Servo.o
 .data          0x0080025c        0x0 ./APP/Test_Siren.o
 .data          0x0080025c        0x0 ./APP/Test_UART.o
 .data          0x0080025c        0x0 d:/imt_sdk_win_64/winavr/bin/../lib/gcc/avr/4.3.3/avr5\libgcc.a(_udivmodqi4.o)
 .data          0x0080025c        0x0 d:/imt_sdk_win_64/winavr/bin/../lib/gcc/avr/4.3.3/avr5\libgcc.a(_udivmodsi4.o)
 .data          0x0080025c        0x0 d:/imt_sdk_win_64/winavr/bin/../lib/gcc/avr/4.3.3/avr5\libgcc.a(_divmodsi4.o)
 .data          0x0080025c        0x0 d:/imt_sdk_win_64/winavr/bin/../lib/gcc/avr/4.3.3/avr5\libgcc.a(_exit.o)
 .data          0x0080025c        0x0 d:/imt_sdk_win_64/winavr/bin/../lib/gcc/avr/4.3.3/avr5\libgcc.a(_copy_data.o)
 .data          0x0080025c        0x0 d:/imt_sdk_win_64/winavr/bin/../lib/gcc/avr/4.3.3/avr5\libgcc.a(_clear_bss.o)
 .data          0x0080025c        0x0 d:/imt_sdk_win_64/winavr/bin/../lib/gcc/avr/4.3.3/avr5\libgcc.a(_ashldi3.o)
 .data          0x0080025c        0x0 d:/imt_sdk_win_64/winavr/bin/../lib/gcc/avr/4.3.3/avr5\libgcc.a(_udivdi3.o)
 .data          0x0080025c        0x0 d:/imt_sdk_win_64/winavr/bin/../lib/gcc/avr/4.3.3/avr5\libgcc.a(_umoddi3.o)
 .data          0x0080025c        0x0 d:/imt_sdk_win_64/winavr/bin/../lib/gcc/avr/4.3.3/avr5\libgcc.a(_mulsi3.o)
 .data          0x0080025c        0x0 d:/imt_sdk_win_64/winavr/bin/../lib/gcc/avr/4.3.3/avr5\libgcc.a(_prologue.o)
 .data          0x0080025c        0x0 d:/imt_sdk_win_64/winavr/bin/../lib/gcc/avr/4.3.3/avr5\libgcc.a(_epilogue.o)
 .data          0x0080025c      0x100 d:/imt_sdk_win_64/winavr/bin/../lib/gcc/avr/4.3.3/avr5\libgcc.a(_clz.o)
                0x0080025c                __clz_tab
 .data          0x0080035c        0x0 d:/imt_sdk_win_64/winavr/bin/../lib/gcc/avr/4.3.3/../../../../avr/lib/avr5\libc.a(strcmp.o)
 *(.data*)
 .data.timer2_seconds.2281
                0x0080035c        0x1 ./MCAL/TIMER/TIMER_prog.o
 .data.UART1    0x0080035d        0x9 ./HAL/Bluetooth_Module/Bluetooth_prog.o
 .data.users    0x00800366      0x190 ./APP/App.o
                0x00800366                users
 .data.SERVO1   0x008004f6        0xd ./APP/App.o
                0x008004f6                SERVO1
 .data.TIMER2   0x00800503        0x4 ./APP/App.o
                0x00800503                TIMER2
 *(.rodata)
 *(.rodata*)
 *(.gnu.linkonce.d*)
                0x00800508                . = ALIGN (0x2)
 *fill*         0x00800507        0x1 00
                0x00800508                _edata = .
                0x00800508                PROVIDE (__data_end, .)

.bss            0x00800508       0x14
                0x00800508                PROVIDE (__bss_start, .)
 *(.bss)
 .bss           0x00800508        0x0 d:/imt_sdk_win_64/winavr/bin/../lib/gcc/avr/4.3.3/../../../../avr/lib/avr5/crtm32.o
 .bss           0x00800508        0x0 ./MCAL/UART_Driver/UART_program.o
 .bss           0x00800508        0x0 ./MCAL/UART/UART_prog.o
 .bss           0x00800508        0x0 ./MCAL/TIMER/TIMER_prog.o
 .bss           0x00800508        0x0 ./MCAL/PWM/PWM_prog.o
 .bss           0x00800508        0x0 ./MCAL/GIE/GIE_prog.o
 .bss           0x00800508        0x0 ./MCAL/EXTI/EXTI.o
 .bss           0x00800508        0x0 ./MCAL/DIO/DIO.o
 .bss           0x00800508        0x0 ./HAL/Siren/SIREN_prog.o
 .bss           0x00800508        0x0 ./HAL/Servo/SERVO_prog.o
 .bss           0x00800508        0x0 ./HAL/LCD/LCD.o
 .bss           0x00800508        0x0 ./HAL/Bluetooth_Module/Bluetooth_prog.o
 .bss           0x00800508        0x0 ./APP/App.o
 .bss           0x00800508        0x0 ./APP/TestADC.o
 .bss           0x00800508        0x0 ./APP/Test_Bluetooth.o
 .bss           0x00800508        0x0 ./APP/Test_Servo.o
 .bss           0x00800508        0x0 ./APP/Test_Siren.o
 .bss           0x00800508        0x0 ./APP/Test_UART.o
 .bss           0x00800508        0x0 d:/imt_sdk_win_64/winavr/bin/../lib/gcc/avr/4.3.3/avr5\libgcc.a(_udivmodqi4.o)
 .bss           0x00800508        0x0 d:/imt_sdk_win_64/winavr/bin/../lib/gcc/avr/4.3.3/avr5\libgcc.a(_udivmodsi4.o)
 .bss           0x00800508        0x0 d:/imt_sdk_win_64/winavr/bin/../lib/gcc/avr/4.3.3/avr5\libgcc.a(_divmodsi4.o)
 .bss           0x00800508        0x0 d:/imt_sdk_win_64/winavr/bin/../lib/gcc/avr/4.3.3/avr5\libgcc.a(_exit.o)
 .bss           0x00800508        0x0 d:/imt_sdk_win_64/winavr/bin/../lib/gcc/avr/4.3.3/avr5\libgcc.a(_copy_data.o)
 .bss           0x00800508        0x0 d:/imt_sdk_win_64/winavr/bin/../lib/gcc/avr/4.3.3/avr5\libgcc.a(_clear_bss.o)
 .bss           0x00800508        0x0 d:/imt_sdk_win_64/winavr/bin/../lib/gcc/avr/4.3.3/avr5\libgcc.a(_ashldi3.o)
 .bss           0x00800508        0x0 d:/imt_sdk_win_64/winavr/bin/../lib/gcc/avr/4.3.3/avr5\libgcc.a(_udivdi3.o)
 .bss           0x00800508        0x0 d:/imt_sdk_win_64/winavr/bin/../lib/gcc/avr/4.3.3/avr5\libgcc.a(_umoddi3.o)
 .bss           0x00800508        0x0 d:/imt_sdk_win_64/winavr/bin/../lib/gcc/avr/4.3.3/avr5\libgcc.a(_mulsi3.o)
 .bss           0x00800508        0x0 d:/imt_sdk_win_64/winavr/bin/../lib/gcc/avr/4.3.3/avr5\libgcc.a(_prologue.o)
 .bss           0x00800508        0x0 d:/imt_sdk_win_64/winavr/bin/../lib/gcc/avr/4.3.3/avr5\libgcc.a(_epilogue.o)
 .bss           0x00800508        0x0 d:/imt_sdk_win_64/winavr/bin/../lib/gcc/avr/4.3.3/avr5\libgcc.a(_clz.o)
 .bss           0x00800508        0x0 d:/imt_sdk_win_64/winavr/bin/../lib/gcc/avr/4.3.3/../../../../avr/lib/avr5\libc.a(strcmp.o)
 *(.bss*)
 .bss.Global_Var
                0x00800508        0x1 ./MCAL/UART_Driver/UART_program.o
                0x00800508                Global_Var
 .bss.Tx_pf     0x00800509        0x2 ./MCAL/UART_Driver/UART_program.o
                0x00800509                Tx_pf
 .bss.Rx_pf     0x0080050b        0x2 ./MCAL/UART_Driver/UART_program.o
                0x0080050b                Rx_pf
 .bss.Data      0x0080050d        0x1 ./MCAL/UART_Driver/UART_program.o
                0x0080050d                Data
 .bss.timer2_flag
                0x0080050e        0x1 ./MCAL/TIMER/TIMER_prog.o
                0x0080050e                timer2_flag
 .bss.timer2_inner_counter.2280
                0x0080050f        0x1 ./MCAL/TIMER/TIMER_prog.o
 .bss.PF1_CallBack
                0x00800510        0x2 ./MCAL/EXTI/EXTI.o
 .bss.PF2_CallBack
                0x00800512        0x2 ./MCAL/EXTI/EXTI.o
 .bss.PF3_CallBack
                0x00800514        0x2 ./MCAL/EXTI/EXTI.o
 .bss.CURRENT_SIREN
                0x00800516        0x4 ./HAL/Siren/SIREN_prog.o
 .bss.CURRENT_STATE
                0x0080051a        0x1 ./HAL/Siren/SIREN_prog.o
 .bss.LOCAL_u8ReceivedData.1498
                0x0080051b        0x1 ./HAL/Bluetooth_Module/Bluetooth_prog.o
 *(COMMON)
                0x0080051c                PROVIDE (__bss_end, .)
                0x00006212                __data_load_start = LOADADDR (.data)
                0x000066ba                __data_load_end = (__data_load_start + SIZEOF (.data))

.noinit         0x0080051c        0x0
                0x0080051c                PROVIDE (__noinit_start, .)
 *(.noinit*)
                0x0080051c                PROVIDE (__noinit_end, .)
                0x0080051c                _end = .
                0x0080051c                PROVIDE (__heap_start, .)

.eeprom         0x00810000        0x0
 *(.eeprom*)
                0x00810000                __eeprom_end = .

.fuse
 *(.fuse)
 *(.lfuse)
 *(.hfuse)
 *(.efuse)

.lock
 *(.lock*)

.signature
 *(.signature*)

.stab           0x00000000     0x6804
 *(.stab)
 .stab          0x00000000      0x6a8 ./MCAL/UART_Driver/UART_program.o
 .stab          0x000006a8      0x7c8 ./MCAL/UART/UART_prog.o
                                0x9a8 (size before relaxing)
 .stab          0x00000e70      0xc60 ./MCAL/TIMER/TIMER_prog.o
                                0xe40 (size before relaxing)
 .stab          0x00001ad0      0xd14 ./MCAL/PWM/PWM_prog.o
                                0xef4 (size before relaxing)
 .stab          0x000027e4      0x234 ./MCAL/GIE/GIE_prog.o
                                0x414 (size before relaxing)
 .stab          0x00002a18      0x720 ./MCAL/EXTI/EXTI.o
                                0x900 (size before relaxing)
 .stab          0x00003138      0x750 ./MCAL/DIO/DIO.o
                                0x930 (size before relaxing)
 .stab          0x00003888      0x534 ./HAL/Siren/SIREN_prog.o
                                0x714 (size before relaxing)
 .stab          0x00003dbc      0x4f8 ./HAL/Servo/SERVO_prog.o
                                0x6d8 (size before relaxing)
 .stab          0x000042b4      0xc0c ./HAL/LCD/LCD.o
                                0xdec (size before relaxing)
 .stab          0x00004ec0      0x4ec ./HAL/Bluetooth_Module/Bluetooth_prog.o
                                0x6cc (size before relaxing)
 .stab          0x000053ac     0x1020 ./APP/App.o
                               0x1200 (size before relaxing)
 .stab          0x000063cc       0xd8 ./APP/TestADC.o
                                 0xe4 (size before relaxing)
 .stab          0x000064a4       0xd8 ./APP/Test_Bluetooth.o
                                 0xe4 (size before relaxing)
 .stab          0x0000657c       0xd8 ./APP/Test_Servo.o
                                 0xe4 (size before relaxing)
 .stab          0x00006654       0xd8 ./APP/Test_Siren.o
                                 0xe4 (size before relaxing)
 .stab          0x0000672c       0xd8 ./APP/Test_UART.o
                                 0xe4 (size before relaxing)

.stabstr        0x00000000     0x5bb6
 *(.stabstr)
 .stabstr       0x00000000     0x5bb6 ./MCAL/UART_Driver/UART_program.o

.stab.excl
 *(.stab.excl)

.stab.exclstr
 *(.stab.exclstr)

.stab.index
 *(.stab.index)

.stab.indexstr
 *(.stab.indexstr)

.comment
 *(.comment)

.debug
 *(.debug)

.line
 *(.line)

.debug_srcinfo
 *(.debug_srcinfo)

.debug_sfnames
 *(.debug_sfnames)

.debug_aranges  0x00000000       0x60
 *(.debug_aranges)
 .debug_aranges
                0x00000000       0x20 d:/imt_sdk_win_64/winavr/bin/../lib/gcc/avr/4.3.3/avr5\libgcc.a(_ashldi3.o)
 .debug_aranges
                0x00000020       0x20 d:/imt_sdk_win_64/winavr/bin/../lib/gcc/avr/4.3.3/avr5\libgcc.a(_udivdi3.o)
 .debug_aranges
                0x00000040       0x20 d:/imt_sdk_win_64/winavr/bin/../lib/gcc/avr/4.3.3/avr5\libgcc.a(_umoddi3.o)

.debug_pubnames
                0x00000000       0x80
 *(.debug_pubnames)
 .debug_pubnames
                0x00000000       0x20 d:/imt_sdk_win_64/winavr/bin/../lib/gcc/avr/4.3.3/avr5\libgcc.a(_ashldi3.o)
 .debug_pubnames
                0x00000020       0x20 d:/imt_sdk_win_64/winavr/bin/../lib/gcc/avr/4.3.3/avr5\libgcc.a(_udivdi3.o)
 .debug_pubnames
                0x00000040       0x20 d:/imt_sdk_win_64/winavr/bin/../lib/gcc/avr/4.3.3/avr5\libgcc.a(_umoddi3.o)
 .debug_pubnames
                0x00000060       0x20 d:/imt_sdk_win_64/winavr/bin/../lib/gcc/avr/4.3.3/avr5\libgcc.a(_clz.o)

.debug_info     0x00000000     0x109d
 *(.debug_info)
 .debug_info    0x00000000      0x17f d:/imt_sdk_win_64/winavr/bin/../lib/gcc/avr/4.3.3/avr5\libgcc.a(_ashldi3.o)
 .debug_info    0x0000017f      0x71e d:/imt_sdk_win_64/winavr/bin/../lib/gcc/avr/4.3.3/avr5\libgcc.a(_udivdi3.o)
 .debug_info    0x0000089d      0x757 d:/imt_sdk_win_64/winavr/bin/../lib/gcc/avr/4.3.3/avr5\libgcc.a(_umoddi3.o)
 .debug_info    0x00000ff4       0xa9 d:/imt_sdk_win_64/winavr/bin/../lib/gcc/avr/4.3.3/avr5\libgcc.a(_clz.o)
 *(.gnu.linkonce.wi.*)

.debug_abbrev   0x00000000      0x469
 *(.debug_abbrev)
 .debug_abbrev  0x00000000       0xee d:/imt_sdk_win_64/winavr/bin/../lib/gcc/avr/4.3.3/avr5\libgcc.a(_ashldi3.o)
 .debug_abbrev  0x000000ee      0x181 d:/imt_sdk_win_64/winavr/bin/../lib/gcc/avr/4.3.3/avr5\libgcc.a(_udivdi3.o)
 .debug_abbrev  0x0000026f      0x190 d:/imt_sdk_win_64/winavr/bin/../lib/gcc/avr/4.3.3/avr5\libgcc.a(_umoddi3.o)
 .debug_abbrev  0x000003ff       0x6a d:/imt_sdk_win_64/winavr/bin/../lib/gcc/avr/4.3.3/avr5\libgcc.a(_clz.o)

.debug_line     0x00000000      0x55b
 *(.debug_line)
 .debug_line    0x00000000       0xd7 d:/imt_sdk_win_64/winavr/bin/../lib/gcc/avr/4.3.3/avr5\libgcc.a(_ashldi3.o)
 .debug_line    0x000000d7      0x1d8 d:/imt_sdk_win_64/winavr/bin/../lib/gcc/avr/4.3.3/avr5\libgcc.a(_udivdi3.o)
 .debug_line    0x000002af      0x230 d:/imt_sdk_win_64/winavr/bin/../lib/gcc/avr/4.3.3/avr5\libgcc.a(_umoddi3.o)
 .debug_line    0x000004df       0x7c d:/imt_sdk_win_64/winavr/bin/../lib/gcc/avr/4.3.3/avr5\libgcc.a(_clz.o)

.debug_frame    0x00000000       0x60
 *(.debug_frame)
 .debug_frame   0x00000000       0x20 d:/imt_sdk_win_64/winavr/bin/../lib/gcc/avr/4.3.3/avr5\libgcc.a(_ashldi3.o)
 .debug_frame   0x00000020       0x20 d:/imt_sdk_win_64/winavr/bin/../lib/gcc/avr/4.3.3/avr5\libgcc.a(_udivdi3.o)
 .debug_frame   0x00000040       0x20 d:/imt_sdk_win_64/winavr/bin/../lib/gcc/avr/4.3.3/avr5\libgcc.a(_umoddi3.o)

.debug_str      0x00000000      0x16a
 *(.debug_str)
 .debug_str     0x00000000       0xe4 d:/imt_sdk_win_64/winavr/bin/../lib/gcc/avr/4.3.3/avr5\libgcc.a(_ashldi3.o)
                                0x131 (size before relaxing)
 .debug_str     0x000000e4       0x7c d:/imt_sdk_win_64/winavr/bin/../lib/gcc/avr/4.3.3/avr5\libgcc.a(_udivdi3.o)
                                0x18a (size before relaxing)
 .debug_str     0x00000160        0xa d:/imt_sdk_win_64/winavr/bin/../lib/gcc/avr/4.3.3/avr5\libgcc.a(_umoddi3.o)
                                0x18a (size before relaxing)
 .debug_str     0x00000000       0xf4 d:/imt_sdk_win_64/winavr/bin/../lib/gcc/avr/4.3.3/avr5\libgcc.a(_clz.o)

.debug_loc      0x00000000     0x1a1e
 *(.debug_loc)
 .debug_loc     0x00000000       0xf8 d:/imt_sdk_win_64/winavr/bin/../lib/gcc/avr/4.3.3/avr5\libgcc.a(_ashldi3.o)
 .debug_loc     0x000000f8      0xe74 d:/imt_sdk_win_64/winavr/bin/../lib/gcc/avr/4.3.3/avr5\libgcc.a(_udivdi3.o)
 .debug_loc     0x00000f6c      0xab2 d:/imt_sdk_win_64/winavr/bin/../lib/gcc/avr/4.3.3/avr5\libgcc.a(_umoddi3.o)

.debug_macinfo
 *(.debug_macinfo)
OUTPUT(AVR_DRIVERS.elf elf32-avr)
LOAD linker stubs

.debug_ranges   0x00000000       0x30
 .debug_ranges  0x00000000       0x18 d:/imt_sdk_win_64/winavr/bin/../lib/gcc/avr/4.3.3/avr5\libgcc.a(_udivdi3.o)
 .debug_ranges  0x00000018       0x18 d:/imt_sdk_win_64/winavr/bin/../lib/gcc/avr/4.3.3/avr5\libgcc.a(_umoddi3.o)
